2 1 3 4 5 - Safe by removing the second level, 1
2 6 4 5 7 - Safe by removing the second level, 6
7 6 4 2 1 - Safe without removing any level.
1 2 7 8 9 - Unsafe regardless of which level is removed.
9 7 6 2 1 - Unsafe regardless of which level is removed.
1 3 2 4 5 - Safe by removing the second level, 3.
8 6 4 4 1 - Safe by removing the third level, 4.
1 3 6 7 9 - Safe without removing any level.

4 reports are safe!