23331331214141314022333133121414131402
0 0 . . . 1 1 1 . . . 2 . . . 3 3 3 . 4 4 . 5 5 5 5 . 6 6 6 6 . 7 7 7 . 8 8 8 8 9 9 . . 10 10 10 . . . 11 11 11 . 12 12 12 . . . 13 . . 14 . . . . 15 . . . . 16 . . . 17 . . . . . .
0 0 17 16 15 1 1 1 14 13 | 2 . 12 12 12 3 3 3 . 4 | 4 . 5 5 5 5 . 6 6 6 | 6 . 7 7 7 . 8 8 8 8 | 9 9 . . 10 10 10 11 11 11 | . . . . . . . . . . . . . . . . . . . . . . . . . . . . . . . . . .


0*0=0, 1*0=0, 2*17=34, 3*16=48, 4*15=60, 5*1=5, 6*1=6, 7*1=7, 8*14=112, 9*13=117,
10*2=20, 11*0=0, 12*12=144, 13*12=156, 14*12=168, 15*3=45, 16*3=48, 17*3=51, 18*0=0, 19*4=76, 
20*4=80, 21*0=0, 22*5=110, 23*5=115, 24*5=120, 25*5=125, 26*0=0, 27*6=162, 28*6=168, 29*6=174, 
30*6=180, 31*0=0, 32*7=224, 33*7=231, 34*7=238, 35*0=0, 36*8=288, 37*8=296, 38*8=304, 39*8=312, 
40*9=360, 41*9=369, 42*0=0, 43*0=0, 44*10=440, 45*10=450, 46*10=460, 47*11=517, 48*11=528, 49*11=539


34 + 48 + 60 + 5 + 6 + 7 + 112 + 117 + 20 + 144 + 156 + 168 + 45 + 48 + 51 + 76 + 80 + 110 + 115 + 120 + 125 + 162 + 168 + 174 + 180 + 224 + 231 + 238 + 288 + 296 + 304 + 312 + 360 + 369 + 440 + 450 + 460 + 517 + 528 + 539
7887

2333133121414131402
00...111...2...333.44.5555.6666.777.888899
00992111777.44.333....5555.6666.....8888..

0 * 0 = 0, 1 * 0 = 0, 2 * 9 = 18, 3 * 9 = 27, 4 * 2 = 8, and so on

2858