2333133121414131402
00...111...2...333.44.5555.6666.777.888899
0099811188827773336446555566..............

0 * 0 = 0, 1 * 0 = 0, 2 * 9 = 18, 3 * 9 = 27, 4 * 8 = 32, and so on

1928